package io.netifi.testing.integration;

@javax.annotation.Generated(
    value = "by Proteus proto compiler (version 0.1.0-SNAPSHOT)",
    comments = "Source: test.proto")
public final class TestServiceServer implements io.netifi.proteus.ProteusService {
  private final TestService service;

  public TestServiceServer(TestService service) {
    this.service = service;
  }

  @java.lang.Override
  public int getPackageId() {
    return TestService.PACKAGE_ID;
  }

  @java.lang.Override
  public int getServiceId() {
    return TestService.SERVICE_ID;
  }

  @java.lang.Override
  public reactor.core.publisher.Mono<Void> fireAndForget(io.rsocket.Payload payload) {
    try {
      io.netty.buffer.ByteBuf metadata = io.netty.buffer.Unpooled.wrappedBuffer(payload.getMetadata());
      switch(io.netifi.proteus.frames.ProteusMetadata.methodId(metadata)) {
        case TestService.METHOD_EMPTY_CALL: {
          com.google.protobuf.ByteString data = com.google.protobuf.UnsafeByteOperations.unsafeWrap(payload.getData());
          return service.emptyCall(io.netifi.testing.integration.Test.SimpleRequest.parseFrom(data));
        }
        default: {
          return reactor.core.publisher.Mono.error(new UnsupportedOperationException());
        }
      }
    } catch (Throwable t) {
      return reactor.core.publisher.Mono.error(t);
    }
  }

  @java.lang.Override
  public reactor.core.publisher.Mono<io.rsocket.Payload> requestResponse(io.rsocket.Payload payload) {
    try {
      io.netty.buffer.ByteBuf metadata = io.netty.buffer.Unpooled.wrappedBuffer(payload.getMetadata());
      switch(io.netifi.proteus.frames.ProteusMetadata.methodId(metadata)) {
        case TestService.METHOD_UNARY_CALL: {
          com.google.protobuf.ByteString data = com.google.protobuf.UnsafeByteOperations.unsafeWrap(payload.getData());
          return service.unaryCall(io.netifi.testing.integration.Test.SimpleRequest.parseFrom(data)).map(serializer);
        }
        default: {
          return reactor.core.publisher.Mono.error(new UnsupportedOperationException());
        }
      }
    } catch (Throwable t) {
      return reactor.core.publisher.Mono.error(t);
    }
  }

  @java.lang.Override
  public reactor.core.publisher.Flux<io.rsocket.Payload> requestStream(io.rsocket.Payload payload) {
    try {
      io.netty.buffer.ByteBuf metadata = io.netty.buffer.Unpooled.wrappedBuffer(payload.getMetadata());
      switch(io.netifi.proteus.frames.ProteusMetadata.methodId(metadata)) {
        case TestService.METHOD_STREAMING_OUTPUT_CALL: {
          com.google.protobuf.ByteString data = com.google.protobuf.UnsafeByteOperations.unsafeWrap(payload.getData());
          return service.streamingOutputCall(io.netifi.testing.integration.Test.StreamingOutputCallRequest.parseFrom(data)).map(serializer);
        }
        default: {
          return reactor.core.publisher.Flux.error(new UnsupportedOperationException());
        }
      }
    } catch (Throwable t) {
      return reactor.core.publisher.Flux.error(t);
    }
  }

  @java.lang.Override
  public reactor.core.publisher.Flux<io.rsocket.Payload> requestChannel(org.reactivestreams.Publisher<io.rsocket.Payload> payloads) {
    final reactor.core.publisher.Flux<io.rsocket.Payload> publisher = reactor.core.publisher.Flux.from(payloads);
    return publisher.next().flatMapMany(new java.util.function.Function<io.rsocket.Payload, org.reactivestreams.Publisher<? extends com.google.protobuf.MessageLite>>() {
      @java.lang.Override
      public org.reactivestreams.Publisher<? extends com.google.protobuf.MessageLite> apply(io.rsocket.Payload payload) {
        try {
          io.netty.buffer.ByteBuf metadata = io.netty.buffer.Unpooled.wrappedBuffer(payload.getMetadata());
          switch(io.netifi.proteus.frames.ProteusMetadata.methodId(metadata)) {
            case TestService.METHOD_STREAMING_INPUT_CALL: {
              reactor.core.publisher.Flux<io.netifi.testing.integration.Test.StreamingInputCallRequest> messages =
                publisher.map(deserializer(io.netifi.testing.integration.Test.StreamingInputCallRequest.parser()));
              return service.streamingInputCall(messages);
            }
            case TestService.METHOD_FULL_BIDI_CALL: {
              reactor.core.publisher.Flux<io.netifi.testing.integration.Test.StreamingOutputCallRequest> messages =
                publisher.map(deserializer(io.netifi.testing.integration.Test.StreamingOutputCallRequest.parser()));
              return service.fullBidiCall(messages);
            }
            case TestService.METHOD_HALF_BIDI_CALL: {
              reactor.core.publisher.Flux<io.netifi.testing.integration.Test.StreamingOutputCallRequest> messages =
                publisher.map(deserializer(io.netifi.testing.integration.Test.StreamingOutputCallRequest.parser()));
              return service.halfBidiCall(messages);
            }
            default: {
              return reactor.core.publisher.Flux.error(new UnsupportedOperationException());
            }
          }
        } catch (Throwable t) {
          return reactor.core.publisher.Flux.error(t);
        }
      }
    }).map(serializer);
  }

  @java.lang.Override
  public reactor.core.publisher.Mono<Void> metadataPush(io.rsocket.Payload payload) {
    return reactor.core.publisher.Mono.error(new UnsupportedOperationException("Metadata-Push not implemented."));
  }

  @java.lang.Override
  public double availability() {
    return service.availability();
  }

  @java.lang.Override
  public reactor.core.publisher.Mono<Void> close() {
    return service.close();
  }

  @java.lang.Override
  public reactor.core.publisher.Mono<Void> onClose() {
    return service.onClose();
  }

  private static final java.util.function.Function<com.google.protobuf.MessageLite, io.rsocket.Payload> serializer =
    new java.util.function.Function<com.google.protobuf.MessageLite, io.rsocket.Payload>() {
      @java.lang.Override
      public io.rsocket.Payload apply(com.google.protobuf.MessageLite message) {
        return new io.rsocket.util.PayloadImpl(message.toByteString().asReadOnlyByteBuffer());
      }
    };

  private static <T> java.util.function.Function<io.rsocket.Payload, T> deserializer(final com.google.protobuf.Parser<T> parser) {
    return new java.util.function.Function<io.rsocket.Payload, T>() {
      @java.lang.Override
      public T apply(io.rsocket.Payload payload) {
        try {
          com.google.protobuf.ByteString data = com.google.protobuf.UnsafeByteOperations.unsafeWrap(payload.getData());
          return parser.parseFrom(data);
        } catch (Throwable t) {
          throw new RuntimeException(t);
        }
      }
    };
  }
}
