package io.netifi.testing.integration;

@javax.annotation.Generated(
    value = "by Proteus proto compiler (version 0.2.4)",
    comments = "Source: test.proto")
public final class TestServiceClient implements TestService {
  private final io.rsocket.RSocket rSocket;

  public TestServiceClient(io.rsocket.RSocket rSocket) {
    this.rSocket = rSocket;
  }

  @java.lang.Override
  public reactor.core.publisher.Mono<io.netifi.testing.integration.Test.SimpleResponse> unaryCall(io.netifi.testing.integration.Test.SimpleRequest message) {
    final int length = io.netifi.proteus.frames.ProteusMetadata.computeLength();
    io.netty.buffer.ByteBuf metadata = io.netty.buffer.ByteBufAllocator.DEFAULT.directBuffer(length);
    io.netifi.proteus.frames.ProteusMetadata.encode(metadata, TestService.NAMESPACE_ID, TestService.SERVICE_ID, TestService.METHOD_UNARY_CALL);
    io.netty.buffer.ByteBuf data = serialize(message);

    return rSocket.requestResponse(io.rsocket.util.ByteBufPayload.create(data, metadata))
      .map(deserializer(io.netifi.testing.integration.Test.SimpleResponse.parser()));
  }

  @java.lang.Override
  public reactor.core.publisher.Mono<Void> emptyCall(io.netifi.testing.integration.Test.SimpleRequest message) {
    final int length = io.netifi.proteus.frames.ProteusMetadata.computeLength();
    io.netty.buffer.ByteBuf metadata = io.netty.buffer.ByteBufAllocator.DEFAULT.directBuffer(length);
    io.netifi.proteus.frames.ProteusMetadata.encode(metadata, TestService.NAMESPACE_ID, TestService.SERVICE_ID, TestService.METHOD_EMPTY_CALL);
    io.netty.buffer.ByteBuf data = serialize(message);

    return rSocket.fireAndForget(io.rsocket.util.ByteBufPayload.create(data, metadata));
  }

  @java.lang.Override
  public reactor.core.publisher.Flux<io.netifi.testing.integration.Test.StreamingOutputCallResponse> streamingOutputCall(io.netifi.testing.integration.Test.StreamingOutputCallRequest message) {
    final int length = io.netifi.proteus.frames.ProteusMetadata.computeLength();
    io.netty.buffer.ByteBuf metadata = io.netty.buffer.ByteBufAllocator.DEFAULT.directBuffer(length);
    io.netifi.proteus.frames.ProteusMetadata.encode(metadata, TestService.NAMESPACE_ID, TestService.SERVICE_ID, TestService.METHOD_STREAMING_OUTPUT_CALL);
    io.netty.buffer.ByteBuf data = serialize(message);

    return rSocket.requestStream(io.rsocket.util.ByteBufPayload.create(data, metadata))
      .map(deserializer(io.netifi.testing.integration.Test.StreamingOutputCallResponse.parser()));
  }

  @java.lang.Override
  public reactor.core.publisher.Mono<io.netifi.testing.integration.Test.StreamingInputCallResponse> streamingInputCall(org.reactivestreams.Publisher<io.netifi.testing.integration.Test.StreamingInputCallRequest> messages) {
    return rSocket.requestChannel(reactor.core.publisher.Flux.from(messages).map(
      new java.util.function.Function<com.google.protobuf.MessageLite, io.rsocket.Payload>() {
        boolean once;

        @java.lang.Override
        public io.rsocket.Payload apply(com.google.protobuf.MessageLite message) {
          io.netty.buffer.ByteBuf data = serialize(message);
          if (!once) {
            final int length = io.netifi.proteus.frames.ProteusMetadata.computeLength();
            final io.netty.buffer.ByteBuf metadata = io.netty.buffer.ByteBufAllocator.DEFAULT.directBuffer(length);
            io.netifi.proteus.frames.ProteusMetadata.encode(metadata, TestService.NAMESPACE_ID, TestService.SERVICE_ID, TestService.METHOD_STREAMING_INPUT_CALL);
            return io.rsocket.util.ByteBufPayload.create(data, metadata);
          } else {
            return io.rsocket.util.ByteBufPayload.create(data);
          }
        }
      })).map(deserializer(io.netifi.testing.integration.Test.StreamingInputCallResponse.parser())).single();
  }

  @java.lang.Override
  public reactor.core.publisher.Flux<io.netifi.testing.integration.Test.StreamingOutputCallResponse> fullBidiCall(org.reactivestreams.Publisher<io.netifi.testing.integration.Test.StreamingOutputCallRequest> messages) {
    return rSocket.requestChannel(reactor.core.publisher.Flux.from(messages).map(
      new java.util.function.Function<com.google.protobuf.MessageLite, io.rsocket.Payload>() {
        boolean once;

        @java.lang.Override
        public io.rsocket.Payload apply(com.google.protobuf.MessageLite message) {
          io.netty.buffer.ByteBuf data = serialize(message);
          if (!once) {
            final int length = io.netifi.proteus.frames.ProteusMetadata.computeLength();
            final io.netty.buffer.ByteBuf metadata = io.netty.buffer.ByteBufAllocator.DEFAULT.directBuffer(length);
            io.netifi.proteus.frames.ProteusMetadata.encode(metadata, TestService.NAMESPACE_ID, TestService.SERVICE_ID, TestService.METHOD_FULL_BIDI_CALL);
            return io.rsocket.util.ByteBufPayload.create(data, metadata);
          } else {
            return io.rsocket.util.ByteBufPayload.create(data);
          }
        }
      })).map(deserializer(io.netifi.testing.integration.Test.StreamingOutputCallResponse.parser()));
  }

  @java.lang.Override
  public reactor.core.publisher.Flux<io.netifi.testing.integration.Test.StreamingOutputCallResponse> halfBidiCall(org.reactivestreams.Publisher<io.netifi.testing.integration.Test.StreamingOutputCallRequest> messages) {
    return rSocket.requestChannel(reactor.core.publisher.Flux.from(messages).map(
      new java.util.function.Function<com.google.protobuf.MessageLite, io.rsocket.Payload>() {
        boolean once;

        @java.lang.Override
        public io.rsocket.Payload apply(com.google.protobuf.MessageLite message) {
          io.netty.buffer.ByteBuf data = serialize(message);
          if (!once) {
            final int length = io.netifi.proteus.frames.ProteusMetadata.computeLength();
            final io.netty.buffer.ByteBuf metadata = io.netty.buffer.ByteBufAllocator.DEFAULT.directBuffer(length);
            io.netifi.proteus.frames.ProteusMetadata.encode(metadata, TestService.NAMESPACE_ID, TestService.SERVICE_ID, TestService.METHOD_HALF_BIDI_CALL);
            return io.rsocket.util.ByteBufPayload.create(data, metadata);
          } else {
            return io.rsocket.util.ByteBufPayload.create(data);
          }
        }
      })).map(deserializer(io.netifi.testing.integration.Test.StreamingOutputCallResponse.parser()));
  }

  private static io.netty.buffer.ByteBuf serialize(final com.google.protobuf.MessageLite message) {
    io.netty.buffer.ByteBuf byteBuf = io.netty.buffer.ByteBufAllocator.DEFAULT.directBuffer(message.getSerializedSize());
    try {
      message.writeTo(com.google.protobuf.CodedOutputStream.newInstance(byteBuf.nioBuffer(0, byteBuf.writableBytes())));
      byteBuf.writerIndex(byteBuf.capacity());
      return byteBuf;
    } catch (Throwable t) {
      byteBuf.release();
      throw new RuntimeException(t);
    }
  }

  private static <T> java.util.function.Function<io.rsocket.Payload, T> deserializer(final com.google.protobuf.Parser<T> parser) {
    return new java.util.function.Function<io.rsocket.Payload, T>() {
      @java.lang.Override
      public T apply(io.rsocket.Payload payload) {
        try {
          com.google.protobuf.CodedInputStream is = com.google.protobuf.CodedInputStream.newInstance(payload.getData());
          return parser.parseFrom(is);
        } catch (Throwable t) {
          throw new RuntimeException(t);
        } finally {
          payload.release();
        }
      }
    };
  }
}
